{
  "City": "Berlin",
  "CreatedAt": "2024-08-24T23:01:17.8978595+02:00"
}
