{
  "City": "Berlin",
  "CreatedAt": "2024-08-24T23:01:17.9043546+02:00"
}
