{
  "City": "Berlin",
  "CreatedAt": "2024-08-24T23:01:17.0061177+02:00"
}
