{
  "City": "Nova Lima",
  "CreatedAt": "2024-08-24T23:01:17.8834528+02:00"
}
