{
  "City": "Nova Lima",
  "CreatedAt": "2024-08-24T23:01:17.7310048+02:00"
}
