{
  "City": "Lisbon",
  "CreatedAt": "2024-08-24T23:01:17.9309365+02:00"
}
