{
  "City": "Lisbon",
  "CreatedAt": "2024-08-24T23:01:17.0247651+02:00"
}
